
> backend@1.0.0 test
> cross-env NODE_ENV=test jest --runInBand

node.exe : FAIL __tests__/pantry.test.js (6.477 s)
At line:1 char:1
+ & "C:\Program Files\nodejs/node.exe" "C:\Program Files\nodejs/node_mo ...
+ ~~~~~~~~~~~~~~~~~~~~~~~~~~~~~~~~~~~~~~~~~~~~~~~~~~~~~~~~~~~~~~~~~~~~~
    + CategoryInfo          : NotSpecified: (FAIL __tests__/pantry.test.js (6.477 s):String) [], RemoteException
    + FullyQualifiedErrorId : NativeCommandError
 
  ΓùÅ Console

    console.log
      [dotenv@17.2.3] injecting env (3) from .env -- tip: ≡ƒ¢á∩╕Å  run anywhere with `dotenvx run -- yourcommand`

      at _log (node_modules/dotenv/lib/main.js:142:11)

    console.log
      [dotenv@17.2.3] injecting env (0) from .env -- tip: ΓÜÖ∩╕Å  enable debug logging with { debug: true }

      at _log (node_modules/dotenv/lib/main.js:142:11)

  ΓùÅ Pantry Controller API ΓÇ║ POST /api/pantry/consume ΓÇ║ should consume pantry items and create meal log securely (Transaction success)

    thrown: "Exceeded timeout of 5000 ms for a hook.
    Add a timeout value to this test to increase the timeout, if this is a long-running test. See https://jestjs.io/docs/api#testname-fn-timeout."

    [0m [90m 10 |[39m   [36mlet[39m ingredientId1[33m;[39m
     [90m 11 |[39m
    [31m[1m>[22m[39m[90m 12 |[39m   beforeAll([36masync[39m () [33m=>[39m {
     [90m    |[39m   [31m[1m^[22m[39m
     [90m 13 |[39m     [36mconst[39m res [33m=[39m [36mawait[39m request(app)[33m.[39mpost([32m'/api/user'[39m)[33m.[39msend({
     [90m 14 |[39m       name[33m:[39m [32m'Pantry User'[39m[33m,[39m
     [90m 15 |[39m       email[33m:[39m [32m'pantry@test.com'[39m[33m,[39m[0m

      at beforeAll (__tests__/pantry.test.js:12:3)
      at Object.describe (__tests__/pantry.test.js:7:1)

  ΓùÅ Pantry Controller API ΓÇ║ POST /api/pantry/consume ΓÇ║ should partially consume and log error for non-existent item (Validating robustness)

    thrown: "Exceeded timeout of 5000 ms for a hook.
    Add a timeout value to this test to increase the timeout, if this is a long-running test. See https://jestjs.io/docs/api#testname-fn-timeout."

    [0m [90m 10 |[39m   [36mlet[39m ingredientId1[33m;[39m
     [90m 11 |[39m
    [31m[1m>[22m[39m[90m 12 |[39m   beforeAll([36masync[39m () [33m=>[39m {
     [90m    |[39m   [31m[1m^[22m[39m
     [90m 13 |[39m     [36mconst[39m res [33m=[39m [36mawait[39m request(app)[33m.[39mpost([32m'/api/user'[39m)[33m.[39msend({
     [90m 14 |[39m       name[33m:[39m [32m'Pantry User'[39m[33m,[39m
     [90m 15 |[39m       email[33m:[39m [32m'pantry@test.com'[39m[33m,[39m[0m

      at beforeAll (__tests__/pantry.test.js:12:3)
      at Object.describe (__tests__/pantry.test.js:7:1)


ReferenceError: You are trying to `import` a file after the Jest environment has been torn down. From __tests__/pantry.test.js.

    [0m [90m 19 |[39m     token [33m=[39m res[33m.[39mbody[33m.[39mtoken[33m;[39m
     [90m 20 |[39m
    [31m[1m>[22m[39m[90m 21 |[39m     [36mconst[39m ing1 [33m=[39m [36mawait[39m [33mIngredient[39m[33m.[39mcreate({
     [90m    |[39m                                   [31m[1m^[22m[39m
     [90m 22 |[39m       name[33m:[39m [32m'Chicken Breast (Raw)'[39m[33m,[39m
     [90m 23 |[39m       calories[33m:[39m [35m110[39m[33m,[39m
     [90m 24 |[39m       protein[33m:[39m [35m23[39m[33m,[39m[0m

      at model.resetId (node_modules/mongoose/lib/schema/objectId.js:299:27)
      at SchemaObjectId.SchemaType._applySetters (node_modules/mongoose/lib/schemaType.js:1250:20)
      at SchemaObjectId.SchemaType.applySetters (node_modules/mongoose/lib/schemaType.js:1275:16)
      at SchemaObjectId.SchemaType.getDefault (node_modules/mongoose/lib/schemaType.js:1221:25)
      at applyDefaults (node_modules/mongoose/lib/helpers/document/applyDefaults.js:105:24)
      at model.Document (node_modules/mongoose/lib/document.js:168:7)
      at model.Model (node_modules/mongoose/lib/model.js:129:12)
      at new model (node_modules/mongoose/lib/model.js:4679:15)
      at node_modules/mongoose/lib/model.js:2719:20
          at Array.map (<anonymous>)
      at Function.create (node_modules/mongoose/lib/model.js:2707:34)
      at Object.create (__tests__/pantry.test.js:21:35)

ReferenceError: You are trying to `import` a file after the Jest environment has been torn down. From __tests__/pantry.test.js.

    [0m [90m 19 |[39m     token [33m=[39m res[33m.[39mbody[33m.[39mtoken[33m;[39m
     [90m 20 |[39m
    [31m[1m>[22m[39m[90m 21 |[39m     [36mconst[39m ing1 [33m=[39m [36mawait[39m [33mIngredient[39m[33m.[39mcreate({
     [90m    |[39m                                   [31m[1m^[22m[39m
     [90m 22 |[39m       name[33m:[39m [32m'Chicken Breast (Raw)'[39m[33m,[39m
     [90m 23 |[39m       calories[33m:[39m [35m110[39m[33m,[39m
     [90m 24 |[39m       protein[33m:[39m [35m23[39m[33m,[39m[0m

      at model.Document.$__set (node_modules/mongoose/lib/document.js:1699:26)
      at model.$set (node_modules/mongoose/lib/document.js:1524:10)
      at model.$set (node_modules/mongoose/lib/document.js:1154:16)
      at model.Document (node_modules/mongoose/lib/document.js:178:12)
      at model.Model (node_modules/mongoose/lib/model.js:129:12)
      at new model (node_modules/mongoose/lib/model.js:4679:15)
      at node_modules/mongoose/lib/model.js:2719:20
          at Array.map (<anonymous>)
      at Function.create (node_modules/mongoose/lib/model.js:2707:34)
      at Object.create (__tests__/pantry.test.js:21:35)

ReferenceError: You are trying to `import` a file after the Jest environment has been torn down. From __tests__/pantry.test.js.

    [0m [90m 19 |[39m     token [33m=[39m res[33m.[39mbody[33m.[39mtoken[33m;[39m
     [90m 20 |[39m
    [31m[1m>[22m[39m[90m 21 |[39m     [36mconst[39m ing1 [33m=[39m [36mawait[39m [33mIngredient[39m[33m.[39mcreate({
     [90m    |[39m                                   [31m[1m^[22m[39m
     [90m 22 |[39m       name[33m:[39m [32m'Chicken Breast (Raw)'[39m[33m,[39m
     [90m 23 |[39m       calories[33m:[39m [35m110[39m[33m,[39m
     [90m 24 |[39m       protein[33m:[39m [35m23[39m[33m,[39m[0m

      at model.Document.$__set (node_modules/mongoose/lib/document.js:1714:39)
      at model.$set (node_modules/mongoose/lib/document.js:1524:10)
      at model.$set (node_modules/mongoose/lib/document.js:1154:16)
      at model.Document (node_modules/mongoose/lib/document.js:178:12)
      at model.Model (node_modules/mongoose/lib/model.js:129:12)
      at new model (node_modules/mongoose/lib/model.js:4679:15)
      at node_modules/mongoose/lib/model.js:2719:20
          at Array.map (<anonymous>)
      at Function.create (node_modules/mongoose/lib/model.js:2707:34)
      at Object.create (__tests__/pantry.test.js:21:35)
FAIL __tests__/solver.test.js (5.346 s)
  ΓùÅ Console

    console.log
      [dotenv@17.2.3] injecting env (3) from .env -- tip: ≡ƒöæ add access controls to secrets: https://dotenvx.com/ops

      at _log (node_modules/dotenv/lib/main.js:142:11)

    console.log
      [dotenv@17.2.3] injecting env (0) from .env -- tip: ≡ƒ¢á∩╕Å  run anywhere with `dotenvx run -- yourcommand`

      at _log (node_modules/dotenv/lib/main.js:142:11)

  ΓùÅ Solver Controller API ΓÇ║ POST /api/generate ΓÇ║ should reject invalid NaN variables

    thrown: "Exceeded timeout of 5000 ms for a hook.
    Add a timeout value to this test to increase the timeout, if this is a long-running test. See https://jestjs.io/docs/api#testname-fn-timeout."

    [0m [90m  6 |[39m   [36mlet[39m token[33m;[39m
     [90m  7 |[39m
    [31m[1m>[22m[39m[90m  8 |[39m   beforeAll([36masync[39m () [33m=>[39m {
     [90m    |[39m   [31m[1m^[22m[39m
     [90m  9 |[39m     [36mconst[39m res [33m=[39m [36mawait[39m request(app)[33m.[39mpost([32m'/api/user'[39m)[33m.[39msend({
     [90m 10 |[39m       name[33m:[39m [32m'Solver User'[39m[33m,[39m
     [90m 11 |[39m       email[33m:[39m [32m'solver@test.com'[39m[33m,[39m[0m

      at beforeAll (__tests__/solver.test.js:8:3)
      at Object.describe (__tests__/solver.test.js:4:1)

  ΓùÅ Solver Controller API ΓÇ║ POST /api/generate/reverse ΓÇ║ should reject missing required macro fields

    thrown: "Exceeded timeout of 5000 ms for a hook.
    Add a timeout value to this test to increase the timeout, if this is a long-running test. See https://jestjs.io/docs/api#testname-fn-timeout."

    [0m [90m  6 |[39m   [36mlet[39m token[33m;[39m
     [90m  7 |[39m
    [31m[1m>[22m[39m[90m  8 |[39m   beforeAll([36masync[39m () [33m=>[39m {
     [90m    |[39m   [31m[1m^[22m[39m
     [90m  9 |[39m     [36mconst[39m res [33m=[39m [36mawait[39m request(app)[33m.[39mpost([32m'/api/user'[39m)[33m.[39msend({
     [90m 10 |[39m       name[33m:[39m [32m'Solver User'[39m[33m,[39m
     [90m 11 |[39m       email[33m:[39m [32m'solver@test.com'[39m[33m,[39m[0m

      at beforeAll (__tests__/solver.test.js:8:3)
      at Object.describe (__tests__/solver.test.js:4:1)

FAIL __tests__/setup.js
  ΓùÅ Test suite failed to run

    Your test suite must contain at least one test.

      at onResult (node_modules/@jest/core/build/index.js:1048:18)
      at node_modules/@jest/core/build/index.js:1118:165
      at node_modules/emittery/index.js:363:13
          at Array.map (<anonymous>)
      at Emittery.emit (node_modules/emittery/index.js:361:23)

Test Suites: 3 failed, 3 total
Tests:       4 failed, 4 total
Snapshots:   0 total
Time:        12.346 s
Ran all test suites.
Jest did not exit one second after the test run has completed.

'This usually means that there are asynchronous operations that weren't stopped in your tests. Consider running Jest with `--detectOpenHandles` to troubleshoot this issue.
